Analyzing foo.adb
#################

Resolving xrefs for node <CallStmt foo.adb:13:4-13:8>
*****************************************************

Expr: <Id "Bar" foo.adb:13:4-13:7>
  references:    <DefiningName "Bar" foo.adb:5:14-5:17>
  type:          None
  expected type: None


Done.
