This is the list of all nodes in foo.adb, in prefix depth-first order:
  <CompilationUnit 1:1-4:9>
  <AdaNodeList 1:1-1:1>
  <LibraryItem 1:1-4:8>
  <PrivateAbsent 1:1-1:1>
  <SubprogramBody ["Sum"] 1:1-4:8>
  <OverridingUnspecified 1:1-1:9>
  <SubprogramSpec 1:1-1:68>
  <Id "Sum" 1:10-1:13>
  <ParamSpecList 1:15-1:52>
  <ParamSpec ["A"] 1:15-1:26>
  <IdentifierList 1:15-1:16>
  <Id "A" 1:15-1:16>
  <AliasedAbsent 1:19-1:19>
  <ModeDefault 1:19-1:26>
  <SubtypeIndication 1:19-1:26>
  <NotNullAbsent 1:19-1:19>
  <Id "Integer" 1:19-1:26>
  <ParamSpec ["B"] 1:28-1:39>
  <IdentifierList 1:28-1:29>
  <Id "B" 1:28-1:29>
  <AliasedAbsent 1:32-1:32>
  <ModeDefault 1:32-1:39>
  <SubtypeIndication 1:32-1:39>
  <NotNullAbsent 1:32-1:32>
  <Id "Integer" 1:32-1:39>
  <ParamSpec ["C"] 1:41-1:52>
  <IdentifierList 1:41-1:42>
  <Id "C" 1:41-1:42>
  <AliasedAbsent 1:45-1:45>
  <ModeDefault 1:45-1:52>
  <SubtypeIndication 1:45-1:52>
  <NotNullAbsent 1:45-1:45>
  <Id "Integer" 1:45-1:52>
  <SubtypeIndication 1:61-1:68>
  <NotNullAbsent 1:61-1:61>
  <Id "Integer" 1:61-1:68>
  <DeclarativePart 2:1-2:6>
  <AdaNodeList 2:1-2:1>
  <HandledStmts 3:4-3:21>
  <AdaNodeList 3:4-3:21>
  <ReturnStmt 3:4-3:20>
  <BinOp 3:11-3:20>
  <BinOp 3:11-3:16>
  <Id "A" 3:11-3:12>
  <OpPlus 3:13-3:14>
  <Id "B" 3:15-3:16>
  <OpPlus 3:17-3:18>
  <Id "C" 3:19-3:20>
  <ExceptionHandlerList 3:20-3:20>
  <Id "Sum" 4:5-4:8>
  <PragmaNodeList 5:1-5:1>
Note that we also can iterate on null nodes:
Alright, now here's the list of all identifier nodes:
  <Id "Sum" 1:10-1:13>
  <Id "A" 1:15-1:16>
  <Id "Integer" 1:19-1:26>
  <Id "B" 1:28-1:29>
  <Id "Integer" 1:32-1:39>
  <Id "C" 1:41-1:42>
  <Id "Integer" 1:45-1:52>
  <Id "Integer" 1:61-1:68>
  <Id "A" 3:11-3:12>
  <Id "B" 3:15-3:16>
  <Id "C" 3:19-3:20>
  <Id "Sum" 4:5-4:8>
Done.
