SelectStmt[1:1-1:154]
|guards:
|  SelectWhenPartList[1:10-1:143]
|  |  SelectWhenPart[1:10-1:74]
|  |  |choices: <null>
|  |  |stmts:
|  |  |  AdaNodeList[1:10-1:74]
|  |  |  |  AcceptStmt[1:10-1:73]
|  |  |  |  |name:
|  |  |  |  |  Id[1:17-1:22]
|  |  |  |  |  |tok: Store
|  |  |  |  |entry_index_expr: <null>
|  |  |  |  |params:
|  |  |  |  |  ParamSpecList[1:24-1:41]
|  |  |  |  |  |  ParamSpec[1:24-1:41]
|  |  |  |  |  |  |ids:
|  |  |  |  |  |  |  IdentifierList[1:24-1:31]
|  |  |  |  |  |  |  |  Id[1:24-1:31]
|  |  |  |  |  |  |  |  |tok: An_Item
|  |  |  |  |  |  |has_aliased:
|  |  |  |  |  |  |  AliasedAbsent[1:34-1:34]
|  |  |  |  |  |  |mode:
|  |  |  |  |  |  |  ModeIn[1:34-1:36]
|  |  |  |  |  |  |type_expr:
|  |  |  |  |  |  |  SubtypeIndication[1:37-1:41]
|  |  |  |  |  |  |  |has_not_null:
|  |  |  |  |  |  |  |  NotNullAbsent[1:37-1:37]
|  |  |  |  |  |  |  |name:
|  |  |  |  |  |  |  |  Id[1:37-1:41]
|  |  |  |  |  |  |  |  |tok: Item
|  |  |  |  |  |  |  |constraint: <null>
|  |  |  |  |  |  |default: <null>
|  |  |  |  |stmts:
|  |  |  |  |  HandledStmts[1:46-1:63]
|  |  |  |  |  |stmts:
|  |  |  |  |  |  AdaNodeList[1:46-1:63]
|  |  |  |  |  |  |  AssignStmt[1:46-1:62]
|  |  |  |  |  |  |  |dest:
|  |  |  |  |  |  |  |  Id[1:46-1:51]
|  |  |  |  |  |  |  |  |tok: Datum
|  |  |  |  |  |  |  |expr:
|  |  |  |  |  |  |  |  Id[1:55-1:62]
|  |  |  |  |  |  |  |  |tok: An_Item
|  |  |  |  |  |exceptions:
|  |  |  |  |  |  AdaNodeList[1:62-1:62]: <empty list>
|  |  SelectWhenPart[1:78-1:143]
|  |  |choices: <null>
|  |  |stmts:
|  |  |  AdaNodeList[1:78-1:143]
|  |  |  |  AcceptStmt[1:78-1:142]
|  |  |  |  |name:
|  |  |  |  |  Id[1:85-1:90]
|  |  |  |  |  |tok: Fetch
|  |  |  |  |entry_index_expr: <null>
|  |  |  |  |params:
|  |  |  |  |  ParamSpecList[1:92-1:110]
|  |  |  |  |  |  ParamSpec[1:92-1:110]
|  |  |  |  |  |  |ids:
|  |  |  |  |  |  |  IdentifierList[1:92-1:99]
|  |  |  |  |  |  |  |  Id[1:92-1:99]
|  |  |  |  |  |  |  |  |tok: An_Item
|  |  |  |  |  |  |has_aliased:
|  |  |  |  |  |  |  AliasedAbsent[1:102-1:102]
|  |  |  |  |  |  |mode:
|  |  |  |  |  |  |  ModeOut[1:102-1:105]
|  |  |  |  |  |  |type_expr:
|  |  |  |  |  |  |  SubtypeIndication[1:106-1:110]
|  |  |  |  |  |  |  |has_not_null:
|  |  |  |  |  |  |  |  NotNullAbsent[1:106-1:106]
|  |  |  |  |  |  |  |name:
|  |  |  |  |  |  |  |  Id[1:106-1:110]
|  |  |  |  |  |  |  |  |tok: Item
|  |  |  |  |  |  |  |constraint: <null>
|  |  |  |  |  |  |default: <null>
|  |  |  |  |stmts:
|  |  |  |  |  HandledStmts[1:115-1:132]
|  |  |  |  |  |stmts:
|  |  |  |  |  |  AdaNodeList[1:115-1:132]
|  |  |  |  |  |  |  AssignStmt[1:115-1:131]
|  |  |  |  |  |  |  |dest:
|  |  |  |  |  |  |  |  Id[1:115-1:122]
|  |  |  |  |  |  |  |  |tok: An_Item
|  |  |  |  |  |  |  |expr:
|  |  |  |  |  |  |  |  Id[1:126-1:131]
|  |  |  |  |  |  |  |  |tok: Datum
|  |  |  |  |  |exceptions:
|  |  |  |  |  |  AdaNodeList[1:131-1:131]: <empty list>
|else_stmts:
|  AdaNodeList[1:142-1:142]: <empty list>
|abort_stmts:
|  AdaNodeList[1:142-1:142]: <empty list>
