WithDecl: is_limited = true
WithDecl: is_private = false
SubprogramBody: overriding = 3
Identifier: tok = Foo
Done.
