Analyzing p.adb
###############

Resolving xrefs for node <PragmaNode p.adb:7:4-7:26>
****************************************************

Expr: <Id "Assert" p.adb:7:11-7:17>
  references:    None
  type:          None
  expected type: None
Expr: <RelationOp p.adb:7:19-7:24>
  type:          <ConcreteTypeDecl ["Boolean"] __standard:3:3-3:33>
  expected type: <ConcreteTypeDecl ["Boolean"] __standard:3:3-3:33>
Expr: <Id "I" p.adb:7:19-7:20>
  references:    <DefiningName "I" p.adb:4:4-4:5>
  type:          <ConcreteTypeDecl ["Integer"] __standard:4:3-4:54>
  expected type: <ConcreteTypeDecl ["Integer"] __standard:4:3-4:54>
Expr: <OpEq "=" p.adb:7:21-7:22>
  references:    None
  type:          None
  expected type: None
Expr: <Int p.adb:7:23-7:24>
  references:    None
  type:          <ConcreteTypeDecl ["Universal_Int_Type_"] __standard:116:3-116:45>
  expected type: <ConcreteTypeDecl ["Integer"] __standard:4:3-4:54>

Resolving xrefs for node <PragmaNode p.adb:10:4-10:47>
******************************************************

Expr: <Id "Compile_Time_Warning" p.adb:10:11-10:31>
  references:    None
  type:          None
  expected type: None
Expr: <RelationOp p.adb:10:33-10:39>
  type:          <ConcreteTypeDecl ["Boolean"] __standard:3:3-3:33>
  expected type: <ConcreteTypeDecl ["Boolean"] __standard:3:3-3:33>
Expr: <Id "J" p.adb:10:33-10:34>
  references:    <DefiningName "J" p.adb:5:4-5:5>
  type:          <ConcreteTypeDecl ["Universal_Int_Type_"] __standard:116:3-116:45>
  expected type: <ConcreteTypeDecl ["root_integer"] __standard:120:3-120:38>
Expr: <OpLt "<" p.adb:10:35-10:36>
  references:    <SyntheticDefiningName ""<"" __standard:120:24-120:37>
  type:          None
  expected type: None
Expr: <Int p.adb:10:37-10:39>
  references:    None
  type:          <ConcreteTypeDecl ["Universal_Int_Type_"] __standard:116:3-116:45>
  expected type: <ConcreteTypeDecl ["root_integer"] __standard:120:3-120:38>
Expr: <Str ""ha"" p.adb:10:41-10:45>
  references:    None
  type:          <ConcreteTypeDecl ["String"] __standard:105:3-105:57>
  expected type: <ConcreteTypeDecl ["String"] __standard:105:3-105:57>

Resolving xrefs for node <PragmaNode p.adb:13:4-13:45>
******************************************************

Expr: <Id "Compile_Time_Error" p.adb:13:11-13:29>
  references:    None
  type:          None
  expected type: None
Expr: <RelationOp p.adb:13:31-13:37>
  type:          <ConcreteTypeDecl ["Boolean"] __standard:3:3-3:33>
  expected type: <ConcreteTypeDecl ["Boolean"] __standard:3:3-3:33>
Expr: <Id "J" p.adb:13:31-13:32>
  references:    <DefiningName "J" p.adb:5:4-5:5>
  type:          <ConcreteTypeDecl ["Universal_Int_Type_"] __standard:116:3-116:45>
  expected type: <ConcreteTypeDecl ["root_integer"] __standard:120:3-120:38>
Expr: <OpLt "<" p.adb:13:33-13:34>
  references:    <SyntheticDefiningName ""<"" __standard:120:24-120:37>
  type:          None
  expected type: None
Expr: <Int p.adb:13:35-13:37>
  references:    None
  type:          <ConcreteTypeDecl ["Universal_Int_Type_"] __standard:116:3-116:45>
  expected type: <ConcreteTypeDecl ["root_integer"] __standard:120:3-120:38>
Expr: <Str ""hi"" p.adb:13:39-13:43>
  references:    None
  type:          <ConcreteTypeDecl ["String"] __standard:105:3-105:57>
  expected type: <ConcreteTypeDecl ["String"] __standard:105:3-105:57>

Resolving xrefs for node <PragmaNode p.adb:16:4-16:69>
******************************************************

Expr: <Id "Assert" p.adb:16:11-16:17>
  references:    None
  type:          None
  expected type: None
Expr: <RelationOp p.adb:16:19-16:24>
  type:          <ConcreteTypeDecl ["Boolean"] __standard:3:3-3:33>
  expected type: <ConcreteTypeDecl ["Boolean"] __standard:3:3-3:33>
Expr: <Id "I" p.adb:16:19-16:20>
  references:    <DefiningName "I" p.adb:4:4-4:5>
  type:          <ConcreteTypeDecl ["Integer"] __standard:4:3-4:54>
  expected type: <ConcreteTypeDecl ["Integer"] __standard:4:3-4:54>
Expr: <OpEq "=" p.adb:16:21-16:22>
  references:    None
  type:          None
  expected type: None
Expr: <Int p.adb:16:23-16:24>
  references:    None
  type:          <ConcreteTypeDecl ["Universal_Int_Type_"] __standard:116:3-116:45>
  expected type: <ConcreteTypeDecl ["Integer"] __standard:4:3-4:54>
Expr: <ParenExpr p.adb:16:26-16:67>
  type:          <ConcreteTypeDecl ["String"] __standard:105:3-105:57>
  expected type: <ConcreteTypeDecl ["String"] __standard:105:3-105:57>
Expr: <IfExpr p.adb:16:27-16:66>
  type:          <ConcreteTypeDecl ["String"] __standard:105:3-105:57>
  expected type: <ConcreteTypeDecl ["String"] __standard:105:3-105:57>
Expr: <RelationOp p.adb:16:30-16:35>
  type:          <ConcreteTypeDecl ["Boolean"] __standard:3:3-3:33>
  expected type: <ConcreteTypeDecl ["Boolean"] __standard:3:3-3:33>
Expr: <Id "I" p.adb:16:30-16:31>
  references:    <DefiningName "I" p.adb:4:4-4:5>
  type:          <ConcreteTypeDecl ["Integer"] __standard:4:3-4:54>
  expected type: <ConcreteTypeDecl ["Integer"] __standard:4:3-4:54>
Expr: <OpLt "<" p.adb:16:32-16:33>
  references:    None
  type:          None
  expected type: None
Expr: <Int p.adb:16:34-16:35>
  references:    None
  type:          <ConcreteTypeDecl ["Universal_Int_Type_"] __standard:116:3-116:45>
  expected type: <ConcreteTypeDecl ["Integer"] __standard:4:3-4:54>
Expr: <Str ""too low"" p.adb:16:41-16:50>
  references:    None
  type:          <ConcreteTypeDecl ["String"] __standard:105:3-105:57>
  expected type: <ConcreteTypeDecl ["String"] __standard:105:3-105:57>
Expr: <Str ""too high"" p.adb:16:56-16:66>
  references:    None
  type:          <ConcreteTypeDecl ["String"] __standard:105:3-105:57>
  expected type: <ConcreteTypeDecl ["String"] __standard:105:3-105:57>


Done.
