First get_unit: is_limited = true
Second get_unit (no reparse): is_limited = true
Third get_unit (reparse): is_limited = false
Done.
