Analyzing testsucc.adb
######################

Resolving xrefs for node <SubpSpec testsucc.adb:1:1-1:19>
*********************************************************


Resolving xrefs for node <ConcreteTypeDecl ["Enum"] testsucc.adb:2:4-2:30>
**************************************************************************


Resolving xrefs for node <ObjectDecl ["Inst"] testsucc.adb:4:4-4:21>
********************************************************************

Expr: <Id "Enum" testsucc.adb:4:11-4:15>
  references:    <DefiningName "Enum" testsucc.adb:2:9-2:13>
  type:          None
  expected type: None
Expr: <Id "A" testsucc.adb:4:19-4:20>
  references:    <DefiningName "A" testsucc.adb:2:18-2:19>
  type:          <ConcreteTypeDecl ["Enum"] testsucc.adb:2:4-2:30>
  expected type: <ConcreteTypeDecl ["Enum"] testsucc.adb:2:4-2:30>

Resolving xrefs for node <ObjectDecl ["Inst_2"] testsucc.adb:5:4-5:37>
**********************************************************************

Expr: <Id "Enum" testsucc.adb:5:13-5:17>
  references:    <DefiningName "Enum" testsucc.adb:2:9-2:13>
  type:          None
  expected type: None
Expr: <CallExpr testsucc.adb:5:21-5:36>
  references:    <SyntheticDefiningName "succ" testsucc.adb:2:4-2:30>
  type:          <ConcreteTypeDecl ["Enum"] testsucc.adb:2:4-2:30>
  expected type: <ConcreteTypeDecl ["Enum"] testsucc.adb:2:4-2:30>
Expr: <AttributeRef testsucc.adb:5:21-5:30>
  references:    <SyntheticDefiningName "succ" testsucc.adb:2:4-2:30>
  type:          None
  expected type: None
Expr: <Id "Enum" testsucc.adb:5:21-5:25>
  references:    <DefiningName "Enum" testsucc.adb:2:9-2:13>
  type:          None
  expected type: None
Expr: <Id "Succ" testsucc.adb:5:26-5:30>
  references:    None
  type:          None
  expected type: None
Expr: <Id "Inst" testsucc.adb:5:31-5:35>
  references:    <DefiningName "Inst" testsucc.adb:4:4-4:8>
  type:          <ConcreteTypeDecl ["Enum"] testsucc.adb:2:4-2:30>
  expected type: <ConcreteTypeDecl ["Enum"] testsucc.adb:2:4-2:30>

Resolving xrefs for node <ObjectDecl ["Inst_3"] testsucc.adb:6:4-6:34>
**********************************************************************

Expr: <Id "Enum" testsucc.adb:6:13-6:17>
  references:    <DefiningName "Enum" testsucc.adb:2:9-2:13>
  type:          None
  expected type: None
Expr: <CallExpr testsucc.adb:6:21-6:33>
  references:    <SyntheticDefiningName "succ" testsucc.adb:2:4-2:30>
  type:          <ConcreteTypeDecl ["Enum"] testsucc.adb:2:4-2:30>
  expected type: <ConcreteTypeDecl ["Enum"] testsucc.adb:2:4-2:30>
Expr: <AttributeRef testsucc.adb:6:21-6:30>
  references:    <SyntheticDefiningName "succ" testsucc.adb:2:4-2:30>
  type:          None
  expected type: None
Expr: <Id "Enum" testsucc.adb:6:21-6:25>
  references:    <DefiningName "Enum" testsucc.adb:2:9-2:13>
  type:          None
  expected type: None
Expr: <Id "Succ" testsucc.adb:6:26-6:30>
  references:    None
  type:          None
  expected type: None
Expr: <Id "C" testsucc.adb:6:31-6:32>
  references:    <DefiningName "C" testsucc.adb:2:24-2:25>
  type:          <ConcreteTypeDecl ["Enum"] testsucc.adb:2:4-2:30>
  expected type: <ConcreteTypeDecl ["Enum"] testsucc.adb:2:4-2:30>

Resolving xrefs for node <NullStmt testsucc.adb:8:4-8:9>
********************************************************


Resolving xrefs for node <EndName testsucc.adb:9:5-9:13>
********************************************************

Expr: <EndName testsucc.adb:9:5-9:13>
  references:    <DefiningName "Testsucc" testsucc.adb:1:11-1:19>
  type:          None
  expected type: None
Expr: <Id "Testsucc" testsucc.adb:9:5-9:13>
  references:    <DefiningName "Testsucc" testsucc.adb:1:11-1:19>
  type:          None
  expected type: None


Done.
