for VeeeeeeeeeeeeryLoooooooooooongTyyyyyyyyyyyyyyyyypeNaaaaaaaaaaaame use
  (Aaaaaaaaaaaa => 1,
   Bbbbbbbbbbb  => 5,
   Ccccccccc    => 10,
   Dddd         => 1,
   E            => 5,
   F            => 10);
