Unhandled error in Process_Unit for .*test.adb \(job 1\)
some error message
(.|\n)*
