array (Buffer_Index_1,
       Buffer_Index_2,
       Buffer_Index_3,
       Buffer_Index_4,
       Buffer_Index_5)
of Character
     .Long_Dotted_Name
     .Long_Dotted_Name
     .Long_Dotted_Name
     .Long_Dotted_Name
