DeltaAggregate[1:1-1:37]
|f_ancestor_expr:
|  Id[1:2-1:3]: T
|f_assocs:
|  AssocList[1:15-1:36]
|  |  AggregateAssoc[1:15-1:36]
|  |  |f_designators:
|  |  |  AlternativesList[1:15-1:23]
|  |  |  |  DottedName[1:15-1:23]
|  |  |  |  |f_prefix:
|  |  |  |  |  ArraySubcomponentChoiceName[1:15-1:21]
|  |  |  |  |  |f_name:
|  |  |  |  |  |  ArraySubcomponentChoiceName[1:15-1:18]
|  |  |  |  |  |  |f_name: <null>
|  |  |  |  |  |  |f_suffix:
|  |  |  |  |  |  |  AssocList[1:16-1:17]
|  |  |  |  |  |  |  |  ParamAssoc[1:16-1:17]
|  |  |  |  |  |  |  |  |f_designator: <null>
|  |  |  |  |  |  |  |  |f_r_expr:
|  |  |  |  |  |  |  |  |  Int[1:16-1:17]: 2
|  |  |  |  |  |f_suffix:
|  |  |  |  |  |  AssocList[1:19-1:20]
|  |  |  |  |  |  |  ParamAssoc[1:19-1:20]
|  |  |  |  |  |  |  |f_designator: <null>
|  |  |  |  |  |  |  |f_r_expr:
|  |  |  |  |  |  |  |  Int[1:19-1:20]: 1
|  |  |  |  |f_suffix:
|  |  |  |  |  Id[1:22-1:23]: Y
|  |  |f_r_expr:
|  |  |  DottedName[1:27-1:36]
|  |  |  |f_prefix:
|  |  |  |  CallExpr[1:27-1:34]
|  |  |  |  |f_name:
|  |  |  |  |  CallExpr[1:27-1:31]
|  |  |  |  |  |f_name:
|  |  |  |  |  |  Id[1:27-1:28]: T
|  |  |  |  |  |f_suffix:
|  |  |  |  |  |  AssocList[1:29-1:30]
|  |  |  |  |  |  |  ParamAssoc[1:29-1:30]
|  |  |  |  |  |  |  |f_designator: <null>
|  |  |  |  |  |  |  |f_r_expr:
|  |  |  |  |  |  |  |  Int[1:29-1:30]: 1
|  |  |  |  |f_suffix:
|  |  |  |  |  AssocList[1:32-1:33]
|  |  |  |  |  |  ParamAssoc[1:32-1:33]
|  |  |  |  |  |  |f_designator: <null>
|  |  |  |  |  |  |f_r_expr:
|  |  |  |  |  |  |  Int[1:32-1:33]: 2
|  |  |  |f_suffix:
|  |  |  |  Id[1:35-1:36]: X
