IfExpr[1:1-1:45]
|f_cond_expr:
|  RelationOp[1:4-1:9]
|  |f_left:
|  |  Id[1:4-1:5]: A
|  |f_op:
|  |  OpEq[1:6-1:7]
|  |f_right:
|  |  Id[1:8-1:9]: B
|f_then_expr:
|  Int[1:15-1:17]: 12
|f_alternatives:
|  ElsifExprPartList[1:18-1:37]
|  |  ElsifExprPart[1:18-1:37]
|  |  |f_cond_expr:
|  |  |  RelationOp[1:24-1:29]
|  |  |  |f_left:
|  |  |  |  Id[1:24-1:25]: A
|  |  |  |f_op:
|  |  |  |  OpEq[1:26-1:27]
|  |  |  |f_right:
|  |  |  |  Id[1:28-1:29]: C
|  |  |f_then_expr:
|  |  |  Int[1:35-1:37]: 14
|f_else_expr:
|  Int[1:43-1:45]: 15
