ObjectDecl[1:1-1:48]
| ids:
| | Id[1:1-1:2]
| | | tok: A
| | Id[1:4-1:5]
| | | tok: B
| aliased: False
| constant: False
| inout:
| | InOutDefault[1:8-1:11]
| type_expr:
| | AnonymousType[1:8-1:40]
| | | type_decl:
| | | | AnonymousTypeDecl[1:8-1:40]
| | | | | type_def:
| | | | | | TypeAccessDef[1:8-1:40]
| | | | | | | not_null: True
| | | | | | | is_all: False
| | | | | | | is_constant: True
| | | | | | | subtype_name:
| | | | | | | | Id[1:33-1:40]
| | | | | | | | | tok: Integer
| default_expr:
| | Null[1:44-1:48]
| | | tok: null
