Analyzing test1.adb
###################

Resolving xrefs for node <AssignStmt test1.adb:13:4-13:15>
**********************************************************

Expr: <Id "I" test1.adb:13:4-13:5>
  references:    <DefiningName "I" test1.adb:11:4-11:5>
  type:          <ConcreteTypeDecl ["My_Integer"] test1.adb:2:4-2:39>
  expected type: None
Expr: <CallExpr test1.adb:13:9-13:14>
  references:    <DefiningName "B" test1.adb:8:13-8:14>
  type:          <ConcreteTypeDecl ["My_Integer"] test1.adb:2:4-2:39>
  expected type: <ConcreteTypeDecl ["My_Integer"] test1.adb:2:4-2:39>
Expr: <Id "B" test1.adb:13:9-13:10>
  references:    <DefiningName "B" test1.adb:8:13-8:14>
  type:          <ConcreteTypeDecl ["My_Integer"] test1.adb:2:4-2:39>
  expected type: None
Expr: <Id "A" test1.adb:13:12-13:13>
  references:    <DefiningName "A" test1.adb:5:13-5:14>
  type:          <ConcreteTypeDecl ["My_Integer"] test1.adb:2:4-2:39>
  expected type: <ConcreteTypeDecl ["My_Integer"] test1.adb:2:4-2:39>


Done.
