AttributeRef[1:1-3:7]
|prefix:
|  Id[1:1-1:2]: A
|attribute:
|  Id[3:1-3:7]: Access
|args: <null>
