Analyzing test.adb
##################

Resolving xrefs for node <ObjectDecl ["A"] test.adb:8:4-8:49>
*************************************************************

Expr: <Id "W_Char" test.adb:8:8-8:14>
  references:    <DefiningName "W_Char" test.adb:2:9-2:15>
  type:          None
  expected type: None
Expr: <AttributeRef test.adb:8:18-8:48>
  references:    None
  type:          <ConcreteTypeDecl ["W_Char"] test.adb:2:4-2:52>
  expected type: <ConcreteTypeDecl ["W_Char"] test.adb:2:4-2:52>
Expr: <Id "Print_Char" test.adb:8:18-8:28>
  references:    <DefiningName "Print_Char" test.adb:5:14-5:24>
  type:          None
  expected type: None
Expr: <Id "Unrestricted_Access" test.adb:8:29-8:48>
  references:    None
  type:          None
  expected type: None

Resolving xrefs for node <ObjectDecl ["B"] test.adb:10:4-10:48>
***************************************************************

Expr: <Id "W_Eol" test.adb:10:8-10:13>
  references:    <DefiningName "W_Eol" test.adb:3:9-3:14>
  type:          None
  expected type: None
Expr: <AttributeRef test.adb:10:18-10:47>
  references:    None
  type:          <ConcreteTypeDecl ["W_Eol"] test.adb:3:4-3:35>
  expected type: <ConcreteTypeDecl ["W_Eol"] test.adb:3:4-3:35>
Expr: <Id "Print_Eol" test.adb:10:18-10:27>
  references:    <DefiningName "Print_Eol" test.adb:6:14-6:23>
  type:          None
  expected type: None
Expr: <Id "Unrestricted_Access" test.adb:10:28-10:47>
  references:    None
  type:          None
  expected type: None


Done.
