Got an exception (EXCEPTION_PROJECT_ERROR):
  fatal error, cannot load the project tree
empty.cgpr:5:08: error: unrecognized attribute "Unknown_Attribute"
