Loading unsupported_aggr.gpr...
   Invalid_Project exception: aggregate project has too many sub-projects
Loading unsupported_aggr.gpr...
   Targetting subproject p
   Success
Loading supported_simple_aggr.gpr...
   Success
Loading supported_chained_aggr.gpr...
   Success
Loading p.gpr...
<SubtypeIndication p2.ada_specification:4:8-4:22> resolves to:
  <TypeDecl ["Record_Type"] p1.ada_specification:2:4-2:36>
Done.
